
Allocating common symbols
Common symbol       size              file

reallocatedChannelsData2
                    0x1c              ./source/main.o
modModelConfig      0x41c             ./source/settingsHack.o
reallocatedChannelsData
                    0x1c              ./source/main.o

Discarded input sections

 .data          0x0000000000000000        0x0 ./source/start.o
 .bss           0x0000000000000000        0x0 ./source/start.o
 .data          0x0000000000000000        0x0 ./source/main.o
 .bss           0x0000000000000000        0x0 ./source/main.o
 .rodata.SENSOR_41
                0x0000000000000000        0x8 ./source/main.o
 .rodata.SENSORS_7D
                0x0000000000000000       0x14 ./source/main.o
 .rodata.__aeabi_memset
                0x0000000000000000        0x4 ./source/main.o
 .rodata.unitsOffsets
                0x0000000000000000        0xb ./source/main.o
 .rodata.displayText
                0x0000000000000000        0x4 ./source/main.o
 .rodata.displayGFX
                0x0000000000000000        0x4 ./source/main.o
 .rodata.__aeabi_fadd
                0x0000000000000000        0x4 ./source/main.o
 .rodata.__aeabi_memcpy
                0x0000000000000000        0x4 ./source/main.o
 .rodata.crc    0x0000000000000000        0x4 ./source/main.o
 .rodata.formatGPS
                0x0000000000000000        0x8 ./source/main.o
 .rodata.beepKey2
                0x0000000000000000        0x4 ./source/main.o
 .rodata.__aeabi_dsub
                0x0000000000000000        0x4 ./source/main.o
 .rodata.__aeabi_d2lz
                0x0000000000000000        0x4 ./source/main.o
 .rodata.drawLine
                0x0000000000000000        0x4 ./source/main.o
 .rodata.__aeabi_ldivmod
                0x0000000000000000        0x4 ./source/main.o
 .rodata.FLY_MODES
                0x0000000000000000       0x39 ./source/main.o
 .rodata.strcmp_
                0x0000000000000000        0x4 ./source/main.o
 .rodata.sprintf_
                0x0000000000000000        0x4 ./source/main.o
 .rodata.sensorDescFA
                0x0000000000000000        0x6 ./source/main.o
 .rodata.flyModesOffset
                0x0000000000000000        0xa ./source/main.o
 .rodata.UNKNOWN_SENSOR
                0x0000000000000000        0x8 ./source/main.o
 .rodata.SENSORS_F9
                0x0000000000000000       0x23 ./source/main.o
 .rodata.displayTextCenter
                0x0000000000000000        0x4 ./source/main.o
 .rodata.__aeabi_f2uiz
                0x0000000000000000        0x4 ./source/main.o
 .rodata.__aeabi_lmul
                0x0000000000000000        0x4 ./source/main.o
 .rodata.__aeabi_dadd
                0x0000000000000000        0x4 ./source/main.o
 .rodata.__aeabi_ui2d
                0x0000000000000000        0x4 ./source/main.o
 .rodata.__aeabi_ui2f
                0x0000000000000000        0x4 ./source/main.o
 .rodata.displayHeader
                0x0000000000000000        0x4 ./source/main.o
 .rodata.__aeabi_frsub
                0x0000000000000000        0x4 ./source/main.o
 .rodata.fillRect
                0x0000000000000000        0x4 ./source/main.o
 .rodata.strcat_
                0x0000000000000000        0x4 ./source/main.o
 .rodata.units  0x0000000000000000       0x23 ./source/main.o
 .rodata.__aeabi_fdiv
                0x0000000000000000        0x4 ./source/main.o
 .rodata.__aeabi_drsub
                0x0000000000000000        0x4 ./source/main.o
 .rodata.sensorDesc00
                0x0000000000000000       0x17 ./source/main.o
 .rodata.beepKey
                0x0000000000000000        0x4 ./source/main.o
 .rodata.beep   0x0000000000000000        0x4 ./source/main.o
 .rodata.formatNumber
                0x0000000000000000        0x3 ./source/main.o
 .rodata.__aeabi_ddiv
                0x0000000000000000        0x4 ./source/main.o
 .rodata.strlen_
                0x0000000000000000        0x4 ./source/main.o
 .rodata.voltageSensors
                0x0000000000000000        0x2 ./source/main.o
 .rodata.formatCoord
                0x0000000000000000        0x9 ./source/main.o
 .rodata.strcpy_
                0x0000000000000000        0x4 ./source/main.o
 .rodata.readEEPROM
                0x0000000000000000        0x4 ./source/main.o
 .rodata.__aeabi_d2f
                0x0000000000000000        0x4 ./source/main.o
 .rodata.__aeabi_f2iz
                0x0000000000000000        0x4 ./source/main.o
 .rodata.voltageAlarmWarn
                0x0000000000000000        0x4 ./source/main.o
 .rodata.formatSensValOrg
                0x0000000000000000        0x4 ./source/main.o
 .rodata.__aeabi_uldivmod
                0x0000000000000000        0x4 ./source/main.o
 .rodata.voltageAlarmCritical
                0x0000000000000000        0x4 ./source/main.o
 .rodata.sensorDesc80
                0x0000000000000000        0xb ./source/main.o
 .rodata.__aeabi_uidiv
                0x0000000000000000        0x4 ./source/main.o
 .rodata.__aeabi_f2lz
                0x0000000000000000        0x4 ./source/main.o
 .rodata.__aeabi_memclr
                0x0000000000000000        0x4 ./source/main.o
 .rodata.applaySwitches
                0x0000000000000000        0x4 ./source/main.o
 .rodata.drawRect
                0x0000000000000000        0x4 ./source/main.o
 .rodata.__aeabi_dmul
                0x0000000000000000        0x4 ./source/main.o
 .rodata.__aeabi_fsub
                0x0000000000000000        0x4 ./source/main.o
 .rodata.__aeabi_f2d
                0x0000000000000000        0x4 ./source/main.o
 .rodata.__aeabi_llsl
                0x0000000000000000        0x4 ./source/main.o
 .rodata.__aeabi_d2uiz
                0x0000000000000000        0x4 ./source/main.o
 .rodata.SENSORS_80
                0x0000000000000000       0x37 ./source/main.o
 .rodata.sensorsScreens
                0x0000000000000000       0x28 ./source/main.o
 .rodata.clearLCD
                0x0000000000000000        0x4 ./source/main.o
 .rodata.__aeabi_d2iz
                0x0000000000000000        0x4 ./source/main.o
 .rodata.__aeabi_llsr
                0x0000000000000000        0x4 ./source/main.o
 .rodata.ARMED  0x0000000000000000        0x6 ./source/main.o
 .rodata.__aeabi_i2f
                0x0000000000000000        0x4 ./source/main.o
 .rodata.__aeabi_idiv
                0x0000000000000000        0x4 ./source/main.o
 .rodata.updateLCD
                0x0000000000000000        0x4 ./source/main.o
 .rodata.SENSOR_00
                0x0000000000000000       0x73 ./source/main.o
 .rodata.getSensor
                0x0000000000000000        0x4 ./source/main.o
 .rodata.__aeabi_fmul
                0x0000000000000000        0x4 ./source/main.o
 .rodata.writeEEPROM
                0x0000000000000000        0x4 ./source/main.o
 .rodata.displayTextSmall
                0x0000000000000000        0x4 ./source/main.o
 .rodata.formatNumberFractial
                0x0000000000000000        0x8 ./source/main.o
 .data          0x0000000000000000        0x0 ./source/ibus_telemetry.o
 .bss           0x0000000000000000        0x0 ./source/ibus_telemetry.o
 .data          0x0000000000000000        0x0 ./source/channelsHack.o
 .bss           0x0000000000000000        0x0 ./source/channelsHack.o
 .rodata.getSensor
                0x0000000000000000        0x4 ./source/channelsHack.o
 .mod_channelsArray2BytesToCopy
                0x0000000000000000        0x1 ./source/channelsHack.o
 .mod_channelsArray2Ref1
                0x0000000000000000        0x4 ./source/channelsHack.o
 .rodata.applaySwitches
                0x0000000000000000        0x4 ./source/channelsHack.o
 .mod_channelsArrayRef1
                0x0000000000000000        0x4 ./source/channelsHack.o
 .mod_channelsArrayRef2
                0x0000000000000000        0x4 ./source/channelsHack.o
 .mod_channelsArrayRef3
                0x0000000000000000        0x4 ./source/channelsHack.o
 .mod_channelsArrayRef4
                0x0000000000000000        0x4 ./source/channelsHack.o
 .mod_channelsArrayRef5
                0x0000000000000000        0x4 ./source/channelsHack.o
 .mod_channelsArrayRef6
                0x0000000000000000        0x4 ./source/channelsHack.o
 .data          0x0000000000000000        0x0 ./source/applySwitchesHook1.o
 .bss           0x0000000000000000        0x0 ./source/applySwitchesHook1.o
 .data          0x0000000000000000        0x0 ./source/applySwitchesHook2.o
 .bss           0x0000000000000000        0x0 ./source/applySwitchesHook2.o
 .data          0x0000000000000000        0x0 ./source/applySwitchesHook3.o
 .bss           0x0000000000000000        0x0 ./source/applySwitchesHook3.o
 .data          0x0000000000000000        0x0 ./source/igonreChannelCount.o
 .bss           0x0000000000000000        0x0 ./source/igonreChannelCount.o
 .data          0x0000000000000000        0x0 ./source/igonreChannelCount2.o
 .bss           0x0000000000000000        0x0 ./source/igonreChannelCount2.o
 .data          0x0000000000000000        0x0 ./source/disp6CHperPage.o
 .bss           0x0000000000000000        0x0 ./source/disp6CHperPage.o
 .data          0x0000000000000000        0x0 ./source/sensors.o
 .bss           0x0000000000000000        0x0 ./source/sensors.o
 .text.udivMod  0x0000000000000000       0x14 ./source/sensors.o
 .text.divMod   0x0000000000000000       0x14 ./source/sensors.o
 .rodata.__aeabi_memset
                0x0000000000000000        0x4 ./source/sensors.o
 .rodata.displayText
                0x0000000000000000        0x4 ./source/sensors.o
 .rodata.displayGFX
                0x0000000000000000        0x4 ./source/sensors.o
 .rodata.crc    0x0000000000000000        0x4 ./source/sensors.o
 .rodata.beepKey2
                0x0000000000000000        0x4 ./source/sensors.o
 .rodata.__aeabi_dsub
                0x0000000000000000        0x4 ./source/sensors.o
 .rodata.__aeabi_memclr
                0x0000000000000000        0x4 ./source/sensors.o
 .rodata.__aeabi_ldivmod
                0x0000000000000000        0x4 ./source/sensors.o
 .rodata.strcmp_
                0x0000000000000000        0x4 ./source/sensors.o
 .rodata.sprintf_
                0x0000000000000000        0x4 ./source/sensors.o
 .rodata.__aeabi_f2d
                0x0000000000000000        0x4 ./source/sensors.o
 .rodata.__aeabi_f2uiz
                0x0000000000000000        0x4 ./source/sensors.o
 .rodata.__aeabi_lmul
                0x0000000000000000        0x4 ./source/sensors.o
 .rodata.__aeabi_dadd
                0x0000000000000000        0x4 ./source/sensors.o
 .rodata.__aeabi_ui2d
                0x0000000000000000        0x4 ./source/sensors.o
 .rodata.__aeabi_memcpy
                0x0000000000000000        0x4 ./source/sensors.o
 .rodata.__aeabi_ui2f
                0x0000000000000000        0x4 ./source/sensors.o
 .rodata.displayHeader
                0x0000000000000000        0x4 ./source/sensors.o
 .rodata.__aeabi_frsub
                0x0000000000000000        0x4 ./source/sensors.o
 .rodata.fillRect
                0x0000000000000000        0x4 ./source/sensors.o
 .rodata.strcat_
                0x0000000000000000        0x4 ./source/sensors.o
 .rodata.displayTextCenter
                0x0000000000000000        0x4 ./source/sensors.o
 .rodata.__aeabi_d2lz
                0x0000000000000000        0x4 ./source/sensors.o
 .rodata.formatSensValOrg
                0x0000000000000000        0x4 ./source/sensors.o
 .rodata.__aeabi_fdiv
                0x0000000000000000        0x4 ./source/sensors.o
 .rodata.__aeabi_drsub
                0x0000000000000000        0x4 ./source/sensors.o
 .rodata.beepKey
                0x0000000000000000        0x4 ./source/sensors.o
 .rodata.drawLine
                0x0000000000000000        0x4 ./source/sensors.o
 .rodata.__aeabi_ddiv
                0x0000000000000000        0x4 ./source/sensors.o
 .rodata.strlen_
                0x0000000000000000        0x4 ./source/sensors.o
 .rodata.voltageSensors
                0x0000000000000000        0x2 ./source/sensors.o
 .rodata.strcpy_
                0x0000000000000000        0x4 ./source/sensors.o
 .rodata.readEEPROM
                0x0000000000000000        0x4 ./source/sensors.o
 .rodata.__aeabi_d2f
                0x0000000000000000        0x4 ./source/sensors.o
 .rodata.__aeabi_f2iz
                0x0000000000000000        0x4 ./source/sensors.o
 .rodata.__aeabi_idiv
                0x0000000000000000        0x4 ./source/sensors.o
 .rodata.voltageAlarmWarn
                0x0000000000000000        0x4 ./source/sensors.o
 .rodata.__aeabi_uldivmod
                0x0000000000000000        0x4 ./source/sensors.o
 .rodata.voltageAlarmCritical
                0x0000000000000000        0x4 ./source/sensors.o
 .rodata.__aeabi_uidiv
                0x0000000000000000        0x4 ./source/sensors.o
 .rodata.__aeabi_fadd
                0x0000000000000000        0x4 ./source/sensors.o
 .rodata.beep   0x0000000000000000        0x4 ./source/sensors.o
 .rodata.drawRect
                0x0000000000000000        0x4 ./source/sensors.o
 .rodata.__aeabi_dmul
                0x0000000000000000        0x4 ./source/sensors.o
 .rodata.__aeabi_fsub
                0x0000000000000000        0x4 ./source/sensors.o
 .rodata.__aeabi_f2lz
                0x0000000000000000        0x4 ./source/sensors.o
 .rodata.__aeabi_llsl
                0x0000000000000000        0x4 ./source/sensors.o
 .rodata.__aeabi_d2uiz
                0x0000000000000000        0x4 ./source/sensors.o
 .rodata.sensorsScreens
                0x0000000000000000       0x28 ./source/sensors.o
 .rodata.clearLCD
                0x0000000000000000        0x4 ./source/sensors.o
 .rodata.__aeabi_d2iz
                0x0000000000000000        0x4 ./source/sensors.o
 .rodata.__aeabi_llsr
                0x0000000000000000        0x4 ./source/sensors.o
 .rodata.__aeabi_i2f
                0x0000000000000000        0x4 ./source/sensors.o
 .rodata.updateLCD
                0x0000000000000000        0x4 ./source/sensors.o
 .rodata.__aeabi_fmul
                0x0000000000000000        0x4 ./source/sensors.o
 .rodata.writeEEPROM
                0x0000000000000000        0x4 ./source/sensors.o
 .rodata.displayTextSmall
                0x0000000000000000        0x4 ./source/sensors.o
 .data          0x0000000000000000        0x0 ./source/loadSettingsHook.o
 .bss           0x0000000000000000        0x0 ./source/loadSettingsHook.o
 .data          0x0000000000000000        0x0 ./source/settingsHack.o
 .bss           0x0000000000000000        0x0 ./source/settingsHack.o
 .rodata.writeEEPROM
                0x0000000000000000        0x4 ./source/settingsHack.o
 .rodata.loadSettingsOrg
                0x0000000000000000        0x4 ./source/settingsHack.o
 .rodata.readEEPROM
                0x0000000000000000        0x4 ./source/settingsHack.o
 .rodata.crc    0x0000000000000000        0x4 ./source/settingsHack.o
 COMMON         0x0000000000000000      0x41c ./source/settingsHack.o

Memory Configuration

Name             Origin             Length             Attributes
ram              0x0000000020002990 0x0000000000001670 xrw
rom              0x000000000801bc10 0x00000000000043f0 xr
rom_org          0x0000000008000000 0x000000000001c061 xr
*default*        0x0000000000000000 0xffffffffffffffff

Linker script and memory map

LOAD /usr/lib/gcc/arm-none-eabi/4.9.3/../../../arm-none-eabi/lib/armv6-m/libnosys.a
LOAD ./source/start.o
LOAD ./source/main.o
LOAD ./source/ibus_telemetry.o
LOAD ./source/channelsHack.o
LOAD ./source/applySwitchesHook1.o
LOAD ./source/applySwitchesHook2.o
LOAD ./source/applySwitchesHook3.o
LOAD ./source/igonreChannelCount.o
LOAD ./source/igonreChannelCount2.o
LOAD ./source/disp6CHperPage.o
LOAD ./source/sensors.o
LOAD ./source/loadSettingsHook.o
LOAD ./source/settingsHack.o

.firstSection   0x0000000008000000       0x10
                0x0000000008000000                . = ALIGN (0x1)
 *(.firstSection)
 .firstSection  0x0000000008000000       0x10 ./source/start.o
                0x0000000008000000                __firstSection
                0x0000000008000008                Reset_Handler
                0x0000000008000010                . = ALIGN (0x1)

.remove         0x0000000008004000       0xf8
 *(.remove)
 *(.remove*)
 .remove_main   0x0000000008004000       0xf8 ./source/main.o
                0x0000000008004000                main
 *(.remove)
                0x00000000080040f8                . = ALIGN (0x1)

.mod_version_major
                0x0000000008004506        0x2
 *(.mod_version_major)
 .mod_version_major
                0x0000000008004506        0x2 ./source/main.o
                0x0000000008004506                version_major

.mod_version_minor
                0x0000000008004504        0x2
 *(.mod_version_minor)
 .mod_version_minor
                0x0000000008004504        0x2 ./source/main.o
                0x0000000008004504                version_minor

.mod_version_release
                0x0000000008004502        0x2
 *(.mod_version_release)
 .mod_version_release
                0x0000000008004502        0x2 ./source/main.o
                0x0000000008004502                version_release

.mod_version_build
                0x0000000008004500        0x2
 *(.mod_version_build)
 .mod_version_build
                0x0000000008004500        0x2 ./source/main.o
                0x0000000008004500                version_build

.mod_channelsArrayRef1
                0x0000000008008bec        0x4
 *(.mod_channelsArrayRef1)
 .mod_channelsArrayRef1
                0x0000000008008bec        0x4 ./source/main.o
                0x0000000008008bec                channelsArrayRef1

.mod_channelsArrayRef2
                0x000000000800b95c        0x4
 *(.mod_channelsArrayRef2)
 .mod_channelsArrayRef2
                0x000000000800b95c        0x4 ./source/main.o
                0x000000000800b95c                channelsArrayRef2

.mod_channelsArrayRef3
                0x000000000800c4ac        0x4
 *(.mod_channelsArrayRef3)
 .mod_channelsArrayRef3
                0x000000000800c4ac        0x4 ./source/main.o
                0x000000000800c4ac                channelsArrayRef3

.mod_channelsArrayRef4
                0x000000000801450c        0x4
 *(.mod_channelsArrayRef4)
 .mod_channelsArrayRef4
                0x000000000801450c        0x4 ./source/main.o
                0x000000000801450c                channelsArrayRef4

.mod_channelsArrayRef5
                0x0000000008015e94        0x4
 *(.mod_channelsArrayRef5)
 .mod_channelsArrayRef5
                0x0000000008015e94        0x4 ./source/main.o
                0x0000000008015e94                channelsArrayRef5

.mod_channelsArrayRef6
                0x0000000008016a74        0x4
 *(.mod_channelsArrayRef6)
 .mod_channelsArrayRef6
                0x0000000008016a74        0x4 ./source/main.o
                0x0000000008016a74                channelsArrayRef6

.mod_channelsArray2Ref1
                0x000000000800b958        0x4
 *(.mod_channelsArray2Ref1)
 .mod_channelsArray2Ref1
                0x000000000800b958        0x4 ./source/main.o
                0x000000000800b958                channelsArray2Ref1

.mod_channelsArray2BytesToCopy
                0x000000000800b93c        0x1
 *(.mod_channelsArray2BytesToCopy)
 .mod_channelsArray2BytesToCopy
                0x000000000800b93c        0x1 ./source/main.o
                0x000000000800b93c                channelsArray2BytesToCopy

.mod_maxChannels
 *(.mod_maxChannels)
                0x000000000800b93e                . = ALIGN (0x2)

.mod_getSensorName
                0x0000000008006510       0x64
 *(.mod_getSensorName)
 .mod_getSensorName
                0x0000000008006510       0x64 ./source/sensors.o
                0x0000000008006510                getSensorName
 *(.mod_getSensorName)

.mod_getSensorName2
                0x00000000080065fc        0x8
 *(.mod_getSensorName2)
 .mod_getSensorName2
                0x00000000080065fc        0x8 ./source/sensors.o
                0x00000000080065fc                getSensorName2
 *(.mod_getSensorName2)

.mod_formatSensor
 *(.mod_formatSensor)
 *(.mod_formatSensor)

.mod_check4BytesSensor
 *(.mod_check4BytesSensor)
 *(.mod_check4BytesSensor)

.mod_ignoreChannelCount
                0x0000000008008b3c        0xc
 *(.mod_ignoreChannelCount)
 .mod_ignoreChannelCount
                0x0000000008008b3c        0xc ./source/igonreChannelCount.o
 *(.mod_ignoreChannelCount)

.mod_ignoreChannelCount2
                0x0000000008008bc0        0x2
 *(.mod_ignoreChannelCount2)
 .mod_ignoreChannelCount2
                0x0000000008008bc0        0x2 ./source/igonreChannelCount2.o
 *(.mod_ignoreChannelCount2)

.mod_applySwitchesHook1
                0x0000000008008a7e        0x4
 *(.mod_applySwitchesHook1)
 .mod_applySwitchesHook1
                0x0000000008008a7e        0x4 ./source/applySwitchesHook1.o
 *(.mod_applySwitchesHook1)

.mod_applySwitchesHook2
                0x000000000800ab92        0x4
 *(.mod_applySwitchesHook2)
 .mod_applySwitchesHook2
                0x000000000800ab92        0x4 ./source/applySwitchesHook2.o
 *(.mod_applySwitchesHook2)

.mod_applySwitchesHook3
                0x000000000800aca2        0x4
 *(.mod_applySwitchesHook3)
 .mod_applySwitchesHook3
                0x000000000800aca2        0x4 ./source/applySwitchesHook3.o
 *(.mod_applySwitchesHook3)

.mod_display6chperPage
                0x000000000801691a        0x2
 *(.mod_display6chperPage)
 .mod_display6chperPage
                0x000000000801691a        0x2 ./source/disp6CHperPage.o
 *(.mod_display6chperPage)

.mod_loadSettingsHook
                0x000000000800b548        0x4
 *(.mod_loadSettingsHook)
 .mod_loadSettingsHook
                0x000000000800b548        0x4 ./source/loadSettingsHook.o
 *(.mod_loadSettingsHook)

.text           0x000000000801bc10      0x2d8
                0x000000000801bc10                . = ALIGN (0x4)
 *(.text)
 .text          0x000000000801bc10        0x0 ./source/start.o
 .text          0x000000000801bc10        0x0 ./source/main.o
 .text          0x000000000801bc10        0x0 ./source/ibus_telemetry.o
 .text          0x000000000801bc10        0x0 ./source/channelsHack.o
 .text          0x000000000801bc10        0x0 ./source/applySwitchesHook1.o
 .text          0x000000000801bc10        0x0 ./source/applySwitchesHook2.o
 .text          0x000000000801bc10        0x0 ./source/applySwitchesHook3.o
 .text          0x000000000801bc10        0x0 ./source/igonreChannelCount.o
 .text          0x000000000801bc10        0x0 ./source/igonreChannelCount2.o
 .text          0x000000000801bc10        0x0 ./source/disp6CHperPage.o
 .text          0x000000000801bc10        0x0 ./source/sensors.o
 .text          0x000000000801bc10        0x0 ./source/loadSettingsHook.o
 .text          0x000000000801bc10        0x0 ./source/settingsHack.o
 *(.text*)
 .text.udivMod  0x000000000801bc10       0x14 ./source/main.o
                0x000000000801bc10                udivMod
 .text.divMod   0x000000000801bc24       0x14 ./source/main.o
                0x000000000801bc24                divMod
 .text.getSensor2
                0x000000000801bc38       0x24 ./source/channelsHack.o
                0x000000000801bc38                getSensor2
 .text.mapSNR   0x000000000801bc5c       0x38 ./source/channelsHack.o
                0x000000000801bc5c                mapSNR
 .text.mapError
                0x000000000801bc94       0x28 ./source/channelsHack.o
                0x000000000801bc94                mapError
 .text.applaySwitchesHook
                0x000000000801bcbc       0x34 ./source/channelsHack.o
                0x000000000801bcbc                applaySwitchesHook
 .text.is4BytesSensor
                0x000000000801bcf0       0x1e ./source/sensors.o
                0x000000000801bcf0                is4BytesSensor
 *fill*         0x000000000801bd0e        0x2 
 .text.formatSensorValue
                0x000000000801bd10      0x1cc ./source/sensors.o
                0x000000000801bd10                formatSensorValue
 .text.loadSettingsHook
                0x000000000801bedc        0xc ./source/settingsHack.o
                0x000000000801bedc                loadSettingsHook
 *(.text)

.glue_7         0x000000000801bee8        0x0
 .glue_7        0x000000000801bee8        0x0 linker stubs

.glue_7t        0x000000000801bee8        0x0
 .glue_7t       0x000000000801bee8        0x0 linker stubs

.vfp11_veneer   0x000000000801bee8        0x0
 .vfp11_veneer  0x000000000801bee8        0x0 linker stubs

.v4_bx          0x000000000801bee8        0x0
 .v4_bx         0x000000000801bee8        0x0 linker stubs

.iplt           0x000000000801bee8        0x0
 .iplt          0x000000000801bee8        0x0 ./source/start.o

.rodata         0x000000000801bee8      0x1ac
                0x000000000801bee8                . = ALIGN (0x4)
 *(.rodata)
 *(.rodata*)
 .rodata.SENSOR_41
                0x000000000801bee8        0x8 ./source/sensors.o
 .rodata.unitsOffsets
                0x000000000801bef0        0xb ./source/sensors.o
 .rodata.formatGPS
                0x000000000801befb        0x8 ./source/sensors.o
 .rodata.FLY_MODES
                0x000000000801bf03       0x39 ./source/sensors.o
 .rodata.sensorDescFA
                0x000000000801bf3c        0x6 ./source/sensors.o
 .rodata.flyModesOffset
                0x000000000801bf42        0xa ./source/sensors.o
 .rodata.UNKNOWN_SENSOR
                0x000000000801bf4c        0x8 ./source/sensors.o
 .rodata.SENSORS_F9
                0x000000000801bf54       0x23 ./source/sensors.o
 .rodata.units  0x000000000801bf77       0x23 ./source/sensors.o
 .rodata.SENSORS_7D
                0x000000000801bf9a       0x14 ./source/sensors.o
 .rodata.sensorDesc00
                0x000000000801bfae       0x17 ./source/sensors.o
 .rodata.formatNumber
                0x000000000801bfc5        0x3 ./source/sensors.o
 .rodata.formatCoord
                0x000000000801bfc8        0x9 ./source/sensors.o
 .rodata.sensorDesc80
                0x000000000801bfd1        0xb ./source/sensors.o
 .rodata.SENSORS_80
                0x000000000801bfdc       0x37 ./source/sensors.o
 .rodata.ARMED  0x000000000801c013        0x6 ./source/sensors.o
 .rodata.SENSOR_00
                0x000000000801c019       0x73 ./source/sensors.o
 .rodata.formatNumberFractial
                0x000000000801c08c        0x8 ./source/sensors.o
                0x000000000801c094                . = ALIGN (0x4)

.rel.dyn        0x000000000801c094        0x0
 .rel.iplt      0x000000000801c094        0x0 ./source/start.o

.data           0x0000000020002990        0x0
                0x0000000020002990                _data_start = .
 *(.data*)
                0x0000000020002990                . = _data_start

.igot.plt       0x0000000020002990        0x0
 .igot.plt      0x0000000020002990        0x0 ./source/start.o

.bss            0x0000000020002990       0x38
                0x0000000020002990                __START_BSS = .
                0x0000000020002990                __bss_start__ = .
 *(.bss*)
 *(COMMON)
 COMMON         0x0000000020002990       0x38 ./source/main.o
                0x0000000020002990                reallocatedChannelsData2
                0x00000000200029ac                reallocatedChannelsData
                0x00000000200029c8                __bss_end__ = .
                0x00000000200029c8                __END_BSS = .
                0x0000000020003990                __StackTop = 0x20003990
OUTPUT(fs-i6x.elf elf32-littlearm)

.ARM.attributes
                0x0000000000000000       0x2e
 .ARM.attributes
                0x0000000000000000       0x1b ./source/start.o
 .ARM.attributes
                0x000000000000001b       0x32 ./source/main.o
 .ARM.attributes
                0x000000000000004d       0x32 ./source/ibus_telemetry.o
 .ARM.attributes
                0x000000000000007f       0x32 ./source/channelsHack.o
 .ARM.attributes
                0x00000000000000b1       0x21 ./source/applySwitchesHook1.o
 .ARM.attributes
                0x00000000000000d2       0x21 ./source/applySwitchesHook2.o
 .ARM.attributes
                0x00000000000000f3       0x21 ./source/applySwitchesHook3.o
 .ARM.attributes
                0x0000000000000114       0x21 ./source/igonreChannelCount.o
 .ARM.attributes
                0x0000000000000135       0x21 ./source/igonreChannelCount2.o
 .ARM.attributes
                0x0000000000000156       0x21 ./source/disp6CHperPage.o
 .ARM.attributes
                0x0000000000000177       0x32 ./source/sensors.o
 .ARM.attributes
                0x00000000000001a9       0x21 ./source/loadSettingsHook.o
 .ARM.attributes
                0x00000000000001ca       0x32 ./source/settingsHack.o

.comment        0x0000000000000000       0x38
 .comment       0x0000000000000000       0x38 ./source/main.o
                                         0x39 (size before relaxing)
 .comment       0x0000000000000038       0x39 ./source/ibus_telemetry.o
 .comment       0x0000000000000038       0x39 ./source/channelsHack.o
 .comment       0x0000000000000038       0x39 ./source/sensors.o
 .comment       0x0000000000000038       0x39 ./source/settingsHack.o

.debug_line     0x0000000000000000      0x801
 .debug_line    0x0000000000000000       0x45 ./source/start.o
 .debug_line    0x0000000000000045      0x19c ./source/main.o
 .debug_line    0x00000000000001e1       0x1d ./source/ibus_telemetry.o
 .debug_line    0x00000000000001fe      0x11d ./source/channelsHack.o
 .debug_line    0x000000000000031b       0x4e ./source/applySwitchesHook1.o
 .debug_line    0x0000000000000369       0x4e ./source/applySwitchesHook2.o
 .debug_line    0x00000000000003b7       0x4e ./source/applySwitchesHook3.o
 .debug_line    0x0000000000000405       0x53 ./source/igonreChannelCount.o
 .debug_line    0x0000000000000458       0x4f ./source/igonreChannelCount2.o
 .debug_line    0x00000000000004a7       0x4a ./source/disp6CHperPage.o
 .debug_line    0x00000000000004f1      0x215 ./source/sensors.o
 .debug_line    0x0000000000000706       0x4c ./source/loadSettingsHook.o
 .debug_line    0x0000000000000752       0xaf ./source/settingsHack.o

.debug_info     0x0000000000000000     0x2c6c
 .debug_info    0x0000000000000000       0x53 ./source/start.o
 .debug_info    0x0000000000000053     0x1085 ./source/main.o
 .debug_info    0x00000000000010d8       0x64 ./source/ibus_telemetry.o
 .debug_info    0x000000000000113c      0x3d0 ./source/channelsHack.o
 .debug_info    0x000000000000150c       0x60 ./source/applySwitchesHook1.o
 .debug_info    0x000000000000156c       0x60 ./source/applySwitchesHook2.o
 .debug_info    0x00000000000015cc       0x60 ./source/applySwitchesHook3.o
 .debug_info    0x000000000000162c       0x60 ./source/igonreChannelCount.o
 .debug_info    0x000000000000168c       0x61 ./source/igonreChannelCount2.o
 .debug_info    0x00000000000016ed       0x5c ./source/disp6CHperPage.o
 .debug_info    0x0000000000001749     0x1124 ./source/sensors.o
 .debug_info    0x000000000000286d       0x5e ./source/loadSettingsHook.o
 .debug_info    0x00000000000028cb      0x3a1 ./source/settingsHack.o

.debug_abbrev   0x0000000000000000      0x6cf
 .debug_abbrev  0x0000000000000000       0x14 ./source/start.o
 .debug_abbrev  0x0000000000000014      0x187 ./source/main.o
 .debug_abbrev  0x000000000000019b       0x26 ./source/ibus_telemetry.o
 .debug_abbrev  0x00000000000001c1      0x1a0 ./source/channelsHack.o
 .debug_abbrev  0x0000000000000361       0x14 ./source/applySwitchesHook1.o
 .debug_abbrev  0x0000000000000375       0x14 ./source/applySwitchesHook2.o
 .debug_abbrev  0x0000000000000389       0x14 ./source/applySwitchesHook3.o
 .debug_abbrev  0x000000000000039d       0x14 ./source/igonreChannelCount.o
 .debug_abbrev  0x00000000000003b1       0x14 ./source/igonreChannelCount2.o
 .debug_abbrev  0x00000000000003c5       0x14 ./source/disp6CHperPage.o
 .debug_abbrev  0x00000000000003d9      0x1be ./source/sensors.o
 .debug_abbrev  0x0000000000000597       0x14 ./source/loadSettingsHook.o
 .debug_abbrev  0x00000000000005ab      0x124 ./source/settingsHack.o

.debug_aranges  0x0000000000000000      0x1e8
 .debug_aranges
                0x0000000000000000       0x20 ./source/start.o
 .debug_aranges
                0x0000000000000020       0x30 ./source/main.o
 .debug_aranges
                0x0000000000000050       0x18 ./source/ibus_telemetry.o
 .debug_aranges
                0x0000000000000068       0x38 ./source/channelsHack.o
 .debug_aranges
                0x00000000000000a0       0x20 ./source/applySwitchesHook1.o
 .debug_aranges
                0x00000000000000c0       0x20 ./source/applySwitchesHook2.o
 .debug_aranges
                0x00000000000000e0       0x20 ./source/applySwitchesHook3.o
 .debug_aranges
                0x0000000000000100       0x20 ./source/igonreChannelCount.o
 .debug_aranges
                0x0000000000000120       0x20 ./source/igonreChannelCount2.o
 .debug_aranges
                0x0000000000000140       0x20 ./source/disp6CHperPage.o
 .debug_aranges
                0x0000000000000160       0x48 ./source/sensors.o
 .debug_aranges
                0x00000000000001a8       0x20 ./source/loadSettingsHook.o
 .debug_aranges
                0x00000000000001c8       0x20 ./source/settingsHack.o

.debug_loc      0x0000000000000000      0x819
 .debug_loc     0x0000000000000000       0xf0 ./source/main.o
 .debug_loc     0x00000000000000f0      0x160 ./source/channelsHack.o
 .debug_loc     0x0000000000000250      0x5c9 ./source/sensors.o

.debug_ranges   0x0000000000000000       0x90
 .debug_ranges  0x0000000000000000       0x20 ./source/main.o
 .debug_ranges  0x0000000000000020       0x28 ./source/channelsHack.o
 .debug_ranges  0x0000000000000048       0x38 ./source/sensors.o
 .debug_ranges  0x0000000000000080       0x10 ./source/settingsHack.o

.debug_str      0x0000000000000000      0xb66
 .debug_str     0x0000000000000000      0x88e ./source/main.o
                                        0x909 (size before relaxing)
 .debug_str     0x000000000000088e       0x1b ./source/ibus_telemetry.o
                                        0x14d (size before relaxing)
 .debug_str     0x00000000000008a9       0x9a ./source/channelsHack.o
                                        0x334 (size before relaxing)
 .debug_str     0x0000000000000943       0xa8 ./source/sensors.o
                                        0x863 (size before relaxing)
 .debug_str     0x00000000000009eb      0x17b ./source/settingsHack.o
                                        0x32f (size before relaxing)

.debug_frame    0x0000000000000000      0x18c
 .debug_frame   0x0000000000000000       0x5c ./source/main.o
 .debug_frame   0x000000000000005c       0x70 ./source/channelsHack.o
 .debug_frame   0x00000000000000cc       0x98 ./source/sensors.o
 .debug_frame   0x0000000000000164       0x28 ./source/settingsHack.o
