
Allocating common symbols
Common symbol       size              file

reallocatedChannelsData2
                    0x1c              ./source/main.o
reallocatedChannelsData
                    0x1c              ./source/main.o

Discarded input sections

 .data          0x0000000000000000        0x0 ./source/start.o
 .bss           0x0000000000000000        0x0 ./source/start.o
 .data          0x0000000000000000        0x0 ./source/main.o
 .bss           0x0000000000000000        0x0 ./source/main.o
 .rodata.getSensor
                0x0000000000000000        0x4 ./source/main.o
 .mod_channelsArray2BytesToCopy
                0x0000000000000000        0x1 ./source/main.o
 .mod_channelsArray2Ref1
                0x0000000000000000        0x4 ./source/main.o
 .rodata.applaySwitches
                0x0000000000000000        0x4 ./source/main.o
 .mod_channelsArrayRef1
                0x0000000000000000        0x4 ./source/main.o
 .mod_channelsArrayRef2
                0x0000000000000000        0x4 ./source/main.o
 .mod_channelsArrayRef3
                0x0000000000000000        0x4 ./source/main.o
 .mod_channelsArrayRef4
                0x0000000000000000        0x4 ./source/main.o
 .mod_channelsArrayRef5
                0x0000000000000000        0x4 ./source/main.o
 .mod_channelsArrayRef6
                0x0000000000000000        0x4 ./source/main.o
 .mod_maxChannels
                0x0000000000000000        0x1 ./source/main.o
 .data          0x0000000000000000        0x0 ./source/ibus_telemetry.o
 .bss           0x0000000000000000        0x0 ./source/ibus_telemetry.o
 .data          0x0000000000000000        0x0 ./source/channelsHack.o
 .bss           0x0000000000000000        0x0 ./source/channelsHack.o
 .rodata.getSensor
                0x0000000000000000        0x4 ./source/channelsHack.o
 .rodata.applaySwitches
                0x0000000000000000        0x4 ./source/channelsHack.o
 .data          0x0000000000000000        0x0 ./source/applySwitchesHook1.o
 .bss           0x0000000000000000        0x0 ./source/applySwitchesHook1.o
 .data          0x0000000000000000        0x0 ./source/applySwitchesHook2.o
 .bss           0x0000000000000000        0x0 ./source/applySwitchesHook2.o
 .data          0x0000000000000000        0x0 ./source/applySwitchesHook3.o
 .bss           0x0000000000000000        0x0 ./source/applySwitchesHook3.o

Memory Configuration

Name             Origin             Length             Attributes
ram              0x0000000020002990 0x0000000000001670 xrw
rom              0x000000000801bc10 0x00000000000043f0 xr
rom_org          0x0000000008000000 0x000000000001c061 xr
*default*        0x0000000000000000 0xffffffffffffffff

Linker script and memory map

LOAD /usr/lib/gcc/arm-none-eabi/4.9.3/../../../arm-none-eabi/lib/armv6-m/libnosys.a
LOAD ./source/start.o
LOAD ./source/main.o
LOAD ./source/ibus_telemetry.o
LOAD ./source/channelsHack.o
LOAD ./source/applySwitchesHook1.o
LOAD ./source/applySwitchesHook2.o
LOAD ./source/applySwitchesHook3.o

.firstSection   0x0000000008000000       0x10
                0x0000000008000000                . = ALIGN (0x1)
 *(.firstSection)
 .firstSection  0x0000000008000000       0x10 ./source/start.o
                0x0000000008000000                __firstSection
                0x0000000008000008                Reset_Handler
                0x0000000008000010                . = ALIGN (0x1)

.remove         0x0000000008004000       0xbc
 *(.remove)
 *(.remove*)
 .remove_main   0x0000000008004000        0xa ./source/main.o
                0x0000000008004000                main
 *fill*         0x000000000800400a        0x2 
 .remove_channelsHack
                0x000000000800400c       0xb0 ./source/channelsHack.o
                0x000000000800400c                keepChannelHackReferences
 *(.remove)
                0x00000000080040bc                . = ALIGN (0x1)

.mod_channelsArrayRef1
                0x0000000008008bec        0x4
 *(.mod_channelsArrayRef1)
 .mod_channelsArrayRef1
                0x0000000008008bec        0x4 ./source/channelsHack.o

.mod_channelsArrayRef2
                0x000000000800b95c        0x4
 *(.mod_channelsArrayRef2)
 .mod_channelsArrayRef2
                0x000000000800b95c        0x4 ./source/channelsHack.o

.mod_channelsArrayRef3
                0x000000000800c4ac        0x4
 *(.mod_channelsArrayRef3)
 .mod_channelsArrayRef3
                0x000000000800c4ac        0x4 ./source/channelsHack.o

.mod_channelsArrayRef4
                0x000000000801450c        0x4
 *(.mod_channelsArrayRef4)
 .mod_channelsArrayRef4
                0x000000000801450c        0x4 ./source/channelsHack.o

.mod_channelsArrayRef5
                0x0000000008015e94        0x4
 *(.mod_channelsArrayRef5)
 .mod_channelsArrayRef5
                0x0000000008015e94        0x4 ./source/channelsHack.o

.mod_channelsArrayRef6
                0x0000000008016a74        0x4
 *(.mod_channelsArrayRef6)
 .mod_channelsArrayRef6
                0x0000000008016a74        0x4 ./source/channelsHack.o

.mod_channelsArray2Ref1
                0x000000000800b958        0x4
 *(.mod_channelsArray2Ref1)
 .mod_channelsArray2Ref1
                0x000000000800b958        0x4 ./source/channelsHack.o

.mod_channelsArray2BytesToCopy
                0x000000000800b93c        0x1
 *(.mod_channelsArray2BytesToCopy)
 .mod_channelsArray2BytesToCopy
                0x000000000800b93c        0x1 ./source/channelsHack.o

.mod_maxChannels
                0x000000000800e4ca        0x1
 *(.mod_maxChannels)
 .mod_maxChannels
                0x000000000800e4ca        0x1 ./source/channelsHack.o
                0x000000000800e4cc                . = ALIGN (0x2)

.mod_applySwitchesHook1
                0x0000000008008a7e        0x4
 *(.mod_applySwitchesHook1)
 .mod_applySwitchesHook1
                0x0000000008008a7e        0x4 ./source/applySwitchesHook1.o
 *(.mod_applySwitchesHook1)

.mod_applySwitchesHook2
                0x000000000800ab92        0x4
 *(.mod_applySwitchesHook2)
 .mod_applySwitchesHook2
                0x000000000800ab92        0x4 ./source/applySwitchesHook2.o
 *(.mod_applySwitchesHook2)

.mod_applySwitchesHook3
                0x000000000800aca2        0x4
 *(.mod_applySwitchesHook3)
 .mod_applySwitchesHook3
                0x000000000800aca2        0x4 ./source/applySwitchesHook3.o
 *(.mod_applySwitchesHook3)

.text           0x000000000801bc10       0x7c
                0x000000000801bc10                . = ALIGN (0x4)
 *(.text)
 .text          0x000000000801bc10        0x0 ./source/start.o
 .text          0x000000000801bc10        0x0 ./source/main.o
 .text          0x000000000801bc10        0x0 ./source/ibus_telemetry.o
 .text          0x000000000801bc10        0x0 ./source/channelsHack.o
 .text          0x000000000801bc10        0x0 ./source/applySwitchesHook1.o
 .text          0x000000000801bc10        0x0 ./source/applySwitchesHook2.o
 .text          0x000000000801bc10        0x0 ./source/applySwitchesHook3.o
 *(.text*)
 .text.getSensor2
                0x000000000801bc10       0x24 ./source/channelsHack.o
                0x000000000801bc10                getSensor2
 .text.mapSNR   0x000000000801bc34       0x38 ./source/channelsHack.o
                0x000000000801bc34                mapSNR
 .text.applaySwitchesHook
                0x000000000801bc6c       0x20 ./source/channelsHack.o
                0x000000000801bc6c                applaySwitchesHook
 *(.text)

.glue_7         0x000000000801bc8c        0x0
 .glue_7        0x000000000801bc8c        0x0 linker stubs

.glue_7t        0x000000000801bc8c        0x0
 .glue_7t       0x000000000801bc8c        0x0 linker stubs

.vfp11_veneer   0x000000000801bc8c        0x0
 .vfp11_veneer  0x000000000801bc8c        0x0 linker stubs

.v4_bx          0x000000000801bc8c        0x0
 .v4_bx         0x000000000801bc8c        0x0 linker stubs

.iplt           0x000000000801bc8c        0x0
 .iplt          0x000000000801bc8c        0x0 ./source/start.o

.rel.dyn        0x000000000801bc8c        0x0
 .rel.iplt      0x000000000801bc8c        0x0 ./source/start.o

.rodata         0x000000000801bc8c        0x0
                0x000000000801bc8c                . = ALIGN (0x4)
 *(.rodata)
 *(.rodata*)
                0x000000000801bc8c                . = ALIGN (0x4)

.data           0x0000000020002990        0x0
                0x0000000020002990                _data_start = .
 *(.data*)
                0x0000000020002990                . = _data_start

.igot.plt       0x0000000020002990        0x0
 .igot.plt      0x0000000020002990        0x0 ./source/start.o

.bss            0x0000000020002990       0x38
                0x0000000020002990                __START_BSS = .
                0x0000000020002990                __bss_start__ = .
 *(.bss*)
 *(COMMON)
 COMMON         0x0000000020002990       0x38 ./source/main.o
                0x0000000020002990                reallocatedChannelsData2
                0x00000000200029ac                reallocatedChannelsData
                0x00000000200029c8                __bss_end__ = .
                0x00000000200029c8                __END_BSS = .
                0x0000000020003990                __StackTop = 0x20003990
OUTPUT(fs-i6x.elf elf32-littlearm)

.ARM.attributes
                0x0000000000000000       0x2e
 .ARM.attributes
                0x0000000000000000       0x1b ./source/start.o
 .ARM.attributes
                0x000000000000001b       0x32 ./source/main.o
 .ARM.attributes
                0x000000000000004d       0x32 ./source/ibus_telemetry.o
 .ARM.attributes
                0x000000000000007f       0x32 ./source/channelsHack.o
 .ARM.attributes
                0x00000000000000b1       0x21 ./source/applySwitchesHook1.o
 .ARM.attributes
                0x00000000000000d2       0x21 ./source/applySwitchesHook2.o
 .ARM.attributes
                0x00000000000000f3       0x21 ./source/applySwitchesHook3.o

.comment        0x0000000000000000       0x38
 .comment       0x0000000000000000       0x38 ./source/main.o
                                         0x39 (size before relaxing)
 .comment       0x0000000000000038       0x39 ./source/ibus_telemetry.o
 .comment       0x0000000000000038       0x39 ./source/channelsHack.o

.debug_line     0x0000000000000000      0x35b
 .debug_line    0x0000000000000000       0x45 ./source/start.o
 .debug_line    0x0000000000000045       0xa7 ./source/main.o
 .debug_line    0x00000000000000ec       0x1d ./source/ibus_telemetry.o
 .debug_line    0x0000000000000109      0x168 ./source/channelsHack.o
 .debug_line    0x0000000000000271       0x4e ./source/applySwitchesHook1.o
 .debug_line    0x00000000000002bf       0x4e ./source/applySwitchesHook2.o
 .debug_line    0x000000000000030d       0x4e ./source/applySwitchesHook3.o

.debug_info     0x0000000000000000      0x7b7
 .debug_info    0x0000000000000000       0x53 ./source/start.o
 .debug_info    0x0000000000000053      0x241 ./source/main.o
 .debug_info    0x0000000000000294       0x64 ./source/ibus_telemetry.o
 .debug_info    0x00000000000002f8      0x39f ./source/channelsHack.o
 .debug_info    0x0000000000000697       0x60 ./source/applySwitchesHook1.o
 .debug_info    0x00000000000006f7       0x60 ./source/applySwitchesHook2.o
 .debug_info    0x0000000000000757       0x60 ./source/applySwitchesHook3.o

.debug_abbrev   0x0000000000000000      0x2e3
 .debug_abbrev  0x0000000000000000       0x14 ./source/start.o
 .debug_abbrev  0x0000000000000014       0xc0 ./source/main.o
 .debug_abbrev  0x00000000000000d4       0x26 ./source/ibus_telemetry.o
 .debug_abbrev  0x00000000000000fa      0x1ad ./source/channelsHack.o
 .debug_abbrev  0x00000000000002a7       0x14 ./source/applySwitchesHook1.o
 .debug_abbrev  0x00000000000002bb       0x14 ./source/applySwitchesHook2.o
 .debug_abbrev  0x00000000000002cf       0x14 ./source/applySwitchesHook3.o

.debug_aranges  0x0000000000000000       0xf0
 .debug_aranges
                0x0000000000000000       0x20 ./source/start.o
 .debug_aranges
                0x0000000000000020       0x20 ./source/main.o
 .debug_aranges
                0x0000000000000040       0x18 ./source/ibus_telemetry.o
 .debug_aranges
                0x0000000000000058       0x38 ./source/channelsHack.o
 .debug_aranges
                0x0000000000000090       0x20 ./source/applySwitchesHook1.o
 .debug_aranges
                0x00000000000000b0       0x20 ./source/applySwitchesHook2.o
 .debug_aranges
                0x00000000000000d0       0x20 ./source/applySwitchesHook3.o

.debug_ranges   0x0000000000000000       0x38
 .debug_ranges  0x0000000000000000       0x10 ./source/main.o
 .debug_ranges  0x0000000000000010       0x28 ./source/channelsHack.o

.debug_str      0x0000000000000000      0x31a
 .debug_str     0x0000000000000000      0x273 ./source/main.o
                                        0x2ce (size before relaxing)
 .debug_str     0x0000000000000273       0x1b ./source/ibus_telemetry.o
                                        0x14d (size before relaxing)
 .debug_str     0x000000000000028e       0x8c ./source/channelsHack.o
                                        0x33f (size before relaxing)

.debug_frame    0x0000000000000000       0x8c
 .debug_frame   0x0000000000000000       0x28 ./source/main.o
 .debug_frame   0x0000000000000028       0x64 ./source/channelsHack.o

.debug_loc      0x0000000000000000      0x158
 .debug_loc     0x0000000000000000      0x158 ./source/channelsHack.o
